{"compiler":"gcc","args":["C:\\Users\\Pavithra\\OneDrive\\Desktop\\Omcjs\\codes\\code-1774089311647-6605.c","-o","C:\\Users\\Pavithra\\OneDrive\\Desktop\\Omcjs\\outputs\\run-1774089311647-6605.exe"],"timestamp":1774089311650}
{"compiler":"gcc","args":["C:\\Users\\Pavithra\\OneDrive\\Desktop\\Omcjs\\codes\\code-1774089313230-5133.c","-o","C:\\Users\\Pavithra\\OneDrive\\Desktop\\Omcjs\\outputs\\run-1774089313230-5133.exe"],"timestamp":1774089313236}
{"compiler":"gcc","args":["C:\\Users\\Pavithra\\OneDrive\\Desktop\\Omcjs\\codes\\code-1774089481278-6764.c","-o","C:\\Users\\Pavithra\\OneDrive\\Desktop\\Omcjs\\outputs\\run-1774089481278-6764.exe"],"timestamp":1774089481281}
{"compiler":"gcc","args":["C:\\Users\\Pavithra\\OneDrive\\Desktop\\Omcjs\\codes\\code-1774089492845-6366.c","-o","C:\\Users\\Pavithra\\OneDrive\\Desktop\\Omcjs\\outputs\\run-1774089492845-6366.exe"],"timestamp":1774089492847}
{"compiler":"gcc","args":["C:\\Users\\Pavithra\\OneDrive\\Desktop\\Omcjs\\codes\\code-1774089902219-5011.c","-o","C:\\Users\\Pavithra\\OneDrive\\Desktop\\Omcjs\\outputs\\run-1774089902219-5011.exe"],"timestamp":1774089902255}
{"compiler":"gcc","args":["C:\\Users\\Pavithra\\OneDrive\\Desktop\\Omcjs\\codes\\code-1774090252040-9912.c","-o","C:\\Users\\Pavithra\\OneDrive\\Desktop\\Omcjs\\outputs\\run-1774090252040-9912.exe"],"timestamp":1774090252043}
{"compiler":"g++","args":["C:\\Users\\Pavithra\\OneDrive\\Desktop\\Omcjs\\codes\\code-1774090320964-6760.cpp","-o","C:\\Users\\Pavithra\\OneDrive\\Desktop\\Omcjs\\outputs\\run-1774090320964-6760.exe"],"timestamp":1774090320966}
{"compiler":"g++","args":["C:\\Users\\Pavithra\\OneDrive\\Desktop\\Omcjs\\codes\\code-1774090323132-5159.cpp","-o","C:\\Users\\Pavithra\\OneDrive\\Desktop\\Omcjs\\outputs\\run-1774090323132-5159.exe"],"timestamp":1774090323135}
{"compiler":"g++","args":["C:\\Users\\Pavithra\\OneDrive\\Desktop\\Omcjs\\codes\\code-1774090325644-278.cpp","-o","C:\\Users\\Pavithra\\OneDrive\\Desktop\\Omcjs\\outputs\\run-1774090325644-278.exe"],"timestamp":1774090325646}
{"compiler":"g++","args":["C:\\Users\\Pavithra\\OneDrive\\Desktop\\Omcjs\\codes\\code-1774090326304-7731.cpp","-o","C:\\Users\\Pavithra\\OneDrive\\Desktop\\Omcjs\\outputs\\run-1774090326304-7731.exe"],"timestamp":1774090326308}
{"compiler":"g++","args":["C:\\Users\\Pavithra\\OneDrive\\Desktop\\Omcjs\\codes\\code-1774090326547-7282.cpp","-o","C:\\Users\\Pavithra\\OneDrive\\Desktop\\Omcjs\\outputs\\run-1774090326547-7282.exe"],"timestamp":1774090326552}
{"compiler":"g++","args":["C:\\Users\\Pavithra\\OneDrive\\Desktop\\Omcjs\\codes\\code-1774090326816-8074.cpp","-o","C:\\Users\\Pavithra\\OneDrive\\Desktop\\Omcjs\\outputs\\run-1774090326816-8074.exe"],"timestamp":1774090326821}
{"compiler":"g++","args":["C:\\Users\\Pavithra\\OneDrive\\Desktop\\Omcjs\\codes\\code-1774090331865-2484.cpp","-o","C:\\Users\\Pavithra\\OneDrive\\Desktop\\Omcjs\\outputs\\run-1774090331865-2484.exe"],"timestamp":1774090331868}
{"compiler":"g++","args":["C:\\Users\\Pavithra\\OneDrive\\Desktop\\Omcjs\\codes\\code-1774090623101-7412.cpp","-o","C:\\Users\\Pavithra\\OneDrive\\Desktop\\Omcjs\\outputs\\run-1774090623101-7412.exe"],"timestamp":1774090623102}
{"compiler":"g++","args":["C:\\Users\\Pavithra\\OneDrive\\Desktop\\Omcjs\\codes\\code-1774092077124-2705.cpp","-o","C:\\Users\\Pavithra\\OneDrive\\Desktop\\Omcjs\\outputs\\run-1774092077124-2705.exe"],"timestamp":1774092077126}
{"compiler":"g++","args":["C:\\Users\\Pavithra\\OneDrive\\Desktop\\Omcjs\\codes\\code-1774092234745-674.cpp","-o","C:\\Users\\Pavithra\\OneDrive\\Desktop\\Omcjs\\outputs\\run-1774092234745-674.exe"],"timestamp":1774092234747}
{"compiler":"g++","args":["C:\\Users\\Pavithra\\OneDrive\\Desktop\\Omcjs\\codes\\code-1774092291902-9135.cpp","-o","C:\\Users\\Pavithra\\OneDrive\\Desktop\\Omcjs\\outputs\\run-1774092291902-9135.exe"],"timestamp":1774092291904}
{"compiler":"gcc","args":["C:\\Users\\Pavithra\\OneDrive\\Desktop\\Omcjs\\codes\\code-1774092299352-5994.c","-o","C:\\Users\\Pavithra\\OneDrive\\Desktop\\Omcjs\\outputs\\run-1774092299352-5994.exe"],"timestamp":1774092299354}
{"compiler":"g++","args":["C:\\Users\\Pavithra\\OneDrive\\Desktop\\Omcjs\\codes\\code-1774092349650-9958.cpp","-o","C:\\Users\\Pavithra\\OneDrive\\Desktop\\Omcjs\\outputs\\run-1774092349650-9958.exe"],"timestamp":1774092349652}
{"compiler":"g++","args":["C:\\Users\\Pavithra\\OneDrive\\Desktop\\Omcjs\\codes\\code-1774092351990-9961.cpp","-o","C:\\Users\\Pavithra\\OneDrive\\Desktop\\Omcjs\\outputs\\run-1774092351990-9961.exe"],"timestamp":1774092351992}
{"compiler":"g++","args":["C:\\Users\\Pavithra\\OneDrive\\Desktop\\Omcjs\\codes\\code-1774092352867-5301.cpp","-o","C:\\Users\\Pavithra\\OneDrive\\Desktop\\Omcjs\\outputs\\run-1774092352867-5301.exe"],"timestamp":1774092352869}
{"compiler":"g++","args":["C:\\Users\\Pavithra\\OneDrive\\Desktop\\Omcjs\\codes\\code-1774092353082-7898.cpp","-o","C:\\Users\\Pavithra\\OneDrive\\Desktop\\Omcjs\\outputs\\run-1774092353082-7898.exe"],"timestamp":1774092353084}
{"compiler":"g++","args":["C:\\Users\\Pavithra\\OneDrive\\Desktop\\Omcjs\\codes\\code-1774092371777-3508.cpp","-o","C:\\Users\\Pavithra\\OneDrive\\Desktop\\Omcjs\\outputs\\run-1774092371777-3508.exe"],"timestamp":1774092371781}
{"compiler":"g++","args":["C:\\Users\\Pavithra\\OneDrive\\Desktop\\Omcjs\\codes\\code-1774092374759-7768.cpp","-o","C:\\Users\\Pavithra\\OneDrive\\Desktop\\Omcjs\\outputs\\run-1774092374759-7768.exe"],"timestamp":1774092374762}
{"compiler":"g++","args":["C:\\Users\\Pavithra\\OneDrive\\Desktop\\Omcjs\\codes\\code-1774092390347-2014.cpp","-o","C:\\Users\\Pavithra\\OneDrive\\Desktop\\Omcjs\\outputs\\run-1774092390347-2014.exe"],"timestamp":1774092390350}
{"compiler":"g++","args":["C:\\Users\\Pavithra\\OneDrive\\Desktop\\Omcjs\\codes\\code-1774092393081-1532.cpp","-o","C:\\Users\\Pavithra\\OneDrive\\Desktop\\Omcjs\\outputs\\run-1774092393081-1532.exe"],"timestamp":1774092393085}
{"compiler":"g++","args":["C:\\Users\\Pavithra\\OneDrive\\Desktop\\Omcjs\\codes\\code-1774092395175-201.cpp","-o","C:\\Users\\Pavithra\\OneDrive\\Desktop\\Omcjs\\outputs\\run-1774092395175-201.exe"],"timestamp":1774092395178}
{"compiler":"gcc","args":["C:\\Users\\Pavithra\\OneDrive\\Desktop\\Omcjs\\codes\\code-1774170938637-1517.c","-o","C:\\Users\\Pavithra\\OneDrive\\Desktop\\Omcjs\\outputs\\run-1774170938637-1517.exe"],"timestamp":1774170938642}
{"compiler":"gcc","args":["C:\\Users\\Pavithra\\OneDrive\\Desktop\\Omcjs\\codes\\code-1774170942243-308.c","-o","C:\\Users\\Pavithra\\OneDrive\\Desktop\\Omcjs\\outputs\\run-1774170942243-308.exe"],"timestamp":1774170942244}
{"compiler":"gcc","args":["C:\\Users\\Pavithra\\OneDrive\\Desktop\\Omcjs\\codes\\code-1774170944546-4765.c","-o","C:\\Users\\Pavithra\\OneDrive\\Desktop\\Omcjs\\outputs\\run-1774170944546-4765.exe"],"timestamp":1774170944547}
{"compiler":"gcc","args":["C:\\Users\\Pavithra\\OneDrive\\Desktop\\Omcjs\\codes\\code-1774170962554-3811.c","-o","C:\\Users\\Pavithra\\OneDrive\\Desktop\\Omcjs\\outputs\\run-1774170962554-3811.exe"],"timestamp":1774170962556}
{"compiler":"gcc","args":["C:\\Users\\Pavithra\\OneDrive\\Desktop\\Omcjs\\codes\\code-1774170965237-7480.c","-o","C:\\Users\\Pavithra\\OneDrive\\Desktop\\Omcjs\\outputs\\run-1774170965237-7480.exe"],"timestamp":1774170965239}
{"compiler":"gcc","args":["C:\\Users\\Pavithra\\OneDrive\\Desktop\\Omcjs\\codes\\code-1774170967162-884.c","-o","C:\\Users\\Pavithra\\OneDrive\\Desktop\\Omcjs\\outputs\\run-1774170967162-884.exe"],"timestamp":1774170967163}
{"compiler":"gcc","args":["C:\\Users\\Pavithra\\OneDrive\\Desktop\\Omcjs\\codes\\code-1774170976196-9687.c","-o","C:\\Users\\Pavithra\\OneDrive\\Desktop\\Omcjs\\outputs\\run-1774170976196-9687.exe"],"timestamp":1774170976198}
{"compiler":"gcc","args":["C:\\Users\\Pavithra\\OneDrive\\Desktop\\Omcjs\\codes\\code-1774172341979-2719.c","-o","C:\\Users\\Pavithra\\OneDrive\\Desktop\\Omcjs\\outputs\\run-1774172341979-2719.exe"],"timestamp":1774172341981}
{"compiler":"gcc","args":["C:\\Users\\Pavithra\\OneDrive\\Desktop\\Omcjs\\codes\\code-1774172351121-4098.c","-o","C:\\Users\\Pavithra\\OneDrive\\Desktop\\Omcjs\\outputs\\run-1774172351121-4098.exe"],"timestamp":1774172351124}
{"compiler":"gcc","args":["C:\\Users\\Pavithra\\OneDrive\\Desktop\\Omcjs\\codes\\code-1774173811098-2672.c","-o","C:\\Users\\Pavithra\\OneDrive\\Desktop\\Omcjs\\outputs\\run-1774173811098-2672.exe"],"timestamp":1774173811100}
